// Jest Snapshot v1, https://goo.gl/fbAQLP

exports[`Store should have been initialized 1`] = `
Object {
  "@@observable": [Function],
  "dispatch": [Function],
  "getState": [Function],
  "replaceReducer": [Function],
  "subscribe": [Function],
}
`;
